GOVERNOR                                        
                                                
mode          BUSY                              
queue depth   7 actionable                      
next eval     in 5m                             
eval interval 5m                                
acmm level    L4                                
                                                
                                                
                                                
                                                
                                                